CCS PCM C Compiler, Version 5.007, 61971               30-Mar-22 13:38

               Filename:   C:\Users\Prodigytrip\Desktop\uyh\main.lst

               ROM used:   278 words (3%)
                           Largest free fragment is 2048
               RAM used:   30 (8%) at main() level
                           34 (9%) worst case
               Stack used: 1 locations (0 in main + 1 for interrupts)
               Stack size: 8

*
0000:  MOVLW  00
0001:  MOVWF  0A
0002:  GOTO   0C3
0003:  NOP
0004:  MOVWF  7F
0005:  SWAPF  03,W
0006:  CLRF   03
0007:  MOVWF  21
0008:  MOVF   0A,W
0009:  MOVWF  20
000A:  CLRF   0A
000B:  MOVF   04,W
000C:  MOVWF  22
000D:  MOVF   77,W
000E:  MOVWF  23
000F:  MOVF   78,W
0010:  MOVWF  24
0011:  MOVF   79,W
0012:  MOVWF  25
0013:  MOVF   7A,W
0014:  MOVWF  26
0015:  BCF    03.7
0016:  BCF    03.5
0017:  BTFSS  0B.5
0018:  GOTO   01B
0019:  BTFSC  0B.2
001A:  GOTO   02C
001B:  MOVF   22,W
001C:  MOVWF  04
001D:  MOVF   23,W
001E:  MOVWF  77
001F:  MOVF   24,W
0020:  MOVWF  78
0021:  MOVF   25,W
0022:  MOVWF  79
0023:  MOVF   26,W
0024:  MOVWF  7A
0025:  MOVF   20,W
0026:  MOVWF  0A
0027:  SWAPF  21,W
0028:  MOVWF  03
0029:  SWAPF  7F,F
002A:  SWAPF  7F,W
002B:  RETFIE
002C:  BCF    0A.3
002D:  BCF    0A.4
002E:  GOTO   044
.................... #include <16f877A.h> 
.................... //////// Standard Header file for the PIC16F877A device //////////////// 
.................... #device PIC16F877A 
002F:  MOVF   3B,W
0030:  CLRF   78
0031:  SUBWF  3A,W
0032:  BTFSC  03.0
0033:  GOTO   037
0034:  MOVF   3A,W
0035:  MOVWF  77
0036:  GOTO   043
0037:  CLRF   77
0038:  MOVLW  08
0039:  MOVWF  3C
003A:  RLF    3A,F
003B:  RLF    77,F
003C:  MOVF   3B,W
003D:  SUBWF  77,W
003E:  BTFSC  03.0
003F:  MOVWF  77
0040:  RLF    78,F
0041:  DECFSZ 3C,F
0042:  GOTO   03A
0043:  RETURN
....................  
.................... #list 
....................  
.................... #use delay(clock=4000000) 
*
007B:  MOVLW  39
007C:  MOVWF  04
007D:  BCF    03.7
007E:  MOVF   00,W
007F:  BTFSC  03.2
0080:  GOTO   08F
0081:  MOVLW  01
0082:  MOVWF  78
0083:  CLRF   77
0084:  DECFSZ 77,F
0085:  GOTO   084
0086:  DECFSZ 78,F
0087:  GOTO   083
0088:  MOVLW  4A
0089:  MOVWF  77
008A:  DECFSZ 77,F
008B:  GOTO   08A
008C:  GOTO   08D
008D:  DECFSZ 00,F
008E:  GOTO   081
008F:  RETURN
.................... #fuses XT,NOWDT,NOPUT,NOLVP,NOCPD,NOPROTECT,NODEBUG,NOBROWNOUT,NOWRT 
.................... #use fast_io(b) 
.................... #use fast_io(c) 
.................... #use fast_io(d) 
.................... unsigned int seg[]={  
....................                     0xFC, //0   
....................                     0x60, //1 
....................                     0xDA, //2 
....................                     0xF2, //3 
....................                     0x66, //4 
....................                     0xB6, //5 
....................                     0xBE, //6 
....................                     0xE0, //7 
....................                     0xFE, //8 
....................                     0xF6, //9 
....................                    };  
*
00D3:  MOVLW  FC
00D4:  BCF    03.5
00D5:  MOVWF  27
00D6:  MOVLW  60
00D7:  MOVWF  28
00D8:  MOVLW  DA
00D9:  MOVWF  29
00DA:  MOVLW  F2
00DB:  MOVWF  2A
00DC:  MOVLW  66
00DD:  MOVWF  2B
00DE:  MOVLW  B6
00DF:  MOVWF  2C
00E0:  MOVLW  BE
00E1:  MOVWF  2D
00E2:  MOVLW  E0
00E3:  MOVWF  2E
00E4:  MOVLW  FE
00E5:  MOVWF  2F
00E6:  MOVLW  F6
00E7:  MOVWF  30
.................... int i=0; 
.................... int sayi = 0; 
.................... unsigned int saniye,birler=0,onlar=0,dakika,d_birler=0,d_onlar=0; 
.................... #int_timer0 
.................... void timer0_kesmesi() 
.................... { 
....................    set_timer0(217); 
*
0044:  MOVLW  D9
0045:  MOVWF  01
....................    if(sayi==100) 
0046:  MOVF   32,W
0047:  SUBLW  64
0048:  BTFSS  03.2
0049:  GOTO   076
....................       { 
....................          i++; 
004A:  INCF   31,F
....................          saniye=i%60; 
004B:  MOVF   31,W
004C:  MOVWF  3A
004D:  MOVLW  3C
004E:  MOVWF  3B
004F:  CALL   02F
0050:  MOVF   77,W
0051:  MOVWF  33
....................          birler=saniye%10; 
0052:  MOVF   33,W
0053:  MOVWF  3A
0054:  MOVLW  0A
0055:  MOVWF  3B
0056:  CALL   02F
0057:  MOVF   77,W
0058:  MOVWF  34
....................          onlar=saniye/10; 
0059:  MOVF   33,W
005A:  MOVWF  3A
005B:  MOVLW  0A
005C:  MOVWF  3B
005D:  CALL   02F
005E:  MOVF   78,W
005F:  MOVWF  35
....................  
....................          dakika=i/60; 
0060:  MOVF   31,W
0061:  MOVWF  3A
0062:  MOVLW  3C
0063:  MOVWF  3B
0064:  CALL   02F
0065:  MOVF   78,W
0066:  MOVWF  36
....................          d_birler=dakika%10; 
0067:  MOVF   36,W
0068:  MOVWF  3A
0069:  MOVLW  0A
006A:  MOVWF  3B
006B:  CALL   02F
006C:  MOVF   77,W
006D:  MOVWF  37
....................          d_onlar=dakika/10; 
006E:  MOVF   36,W
006F:  MOVWF  3A
0070:  MOVLW  0A
0071:  MOVWF  3B
0072:  CALL   02F
0073:  MOVF   78,W
0074:  MOVWF  38
....................          sayi=0; 
0075:  CLRF   32
....................       } 
....................    sayi++; 
0076:  INCF   32,F
0077:  BCF    0B.2
0078:  BCF    0A.3
0079:  BCF    0A.4
007A:  GOTO   01B
.................... } 
.................... void seven_segment() 
.................... { 
....................    output_d(seg[birler]);output_high(pin_c0);  
*
0090:  MOVLW  27
0091:  ADDWF  34,W
0092:  MOVWF  04
0093:  BCF    03.7
0094:  MOVF   00,W
0095:  MOVWF  39
0096:  MOVWF  08
0097:  BSF    07.0
....................    delay_ms(1);output_low(pin_c0);      
0098:  MOVLW  01
0099:  MOVWF  39
009A:  CALL   07B
009B:  BCF    07.0
....................    output_d(seg[onlar]);output_high(pin_c1);  
009C:  MOVLW  27
009D:  ADDWF  35,W
009E:  MOVWF  04
009F:  BCF    03.7
00A0:  MOVF   00,W
00A1:  MOVWF  39
00A2:  MOVWF  08
00A3:  BSF    07.1
....................    delay_ms(1);output_low(pin_c1);       
00A4:  MOVLW  01
00A5:  MOVWF  39
00A6:  CALL   07B
00A7:  BCF    07.1
....................    output_d(seg[d_birler]);output_high(pin_c2); 
00A8:  MOVLW  27
00A9:  ADDWF  37,W
00AA:  MOVWF  04
00AB:  BCF    03.7
00AC:  MOVF   00,W
00AD:  MOVWF  39
00AE:  MOVWF  08
00AF:  BSF    07.2
....................    delay_ms(1);output_low(pin_c2);       
00B0:  MOVLW  01
00B1:  MOVWF  39
00B2:  CALL   07B
00B3:  BCF    07.2
....................    output_d(seg[d_onlar]);output_high(pin_c4);  
00B4:  MOVLW  27
00B5:  ADDWF  38,W
00B6:  MOVWF  04
00B7:  BCF    03.7
00B8:  MOVF   00,W
00B9:  MOVWF  39
00BA:  MOVWF  08
00BB:  BSF    07.4
....................    delay_ms(1);output_low(pin_c4);    
00BC:  MOVLW  01
00BD:  MOVWF  39
00BE:  CALL   07B
00BF:  BCF    07.4
00C0:  BCF    0A.3
00C1:  BCF    0A.4
00C2:  GOTO   114 (RETURN)
.................... } 
....................  
.................... void main() 
00C3:  CLRF   31
00C4:  CLRF   32
00C5:  CLRF   34
00C6:  CLRF   35
00C7:  CLRF   37
00C8:  CLRF   38
00C9:  BSF    03.5
00CA:  BSF    1F.0
00CB:  BSF    1F.1
00CC:  BSF    1F.2
00CD:  BCF    1F.3
00CE:  MOVLW  07
00CF:  MOVWF  1C
00D0:  BCF    03.7
00D1:  MOVLW  1F
00D2:  ANDWF  03,F
.................... { 
....................    setup_psp(PSP_DISABLED); 
*
00E8:  BSF    03.5
00E9:  BCF    09.4
....................    setup_timer_1(T1_DISABLED); 
00EA:  BCF    03.5
00EB:  CLRF   10
....................    setup_timer_2(T2_DISABLED,0,1); 
00EC:  MOVLW  00
00ED:  MOVWF  78
00EE:  MOVWF  12
00EF:  MOVLW  00
00F0:  BSF    03.5
00F1:  MOVWF  12
....................    setup_adc_ports(NO_ANALOGS); 
00F2:  BSF    1F.0
00F3:  BSF    1F.1
00F4:  BSF    1F.2
00F5:  BCF    1F.3
....................    setup_adc(ADC_OFF); 
00F6:  BCF    03.5
00F7:  BCF    1F.0
....................    setup_CCP1(CCP_OFF); 
00F8:  MOVLW  F0
00F9:  ANDWF  17,F
....................    setup_CCP2(CCP_OFF); 
00FA:  ANDWF  1D,F
....................    set_tris_b(0x00); 
00FB:  MOVLW  00
00FC:  BSF    03.5
00FD:  MOVWF  06
....................    output_b(0x00); 
00FE:  BCF    03.5
00FF:  CLRF   06
....................    set_tris_d(0x00); 
0100:  BSF    03.5
0101:  MOVWF  08
....................    output_d(0); 
0102:  BCF    03.5
0103:  CLRF   08
....................    set_tris_c(0x00); 
0104:  BSF    03.5
0105:  MOVWF  07
....................    output_c(0); 
0106:  BCF    03.5
0107:  CLRF   07
....................    setup_timer_0(RTCC_INTERNAL | RTCC_DIV_256); 
0108:  BSF    03.5
0109:  MOVF   01,W
010A:  ANDLW  C0
010B:  IORLW  07
010C:  MOVWF  01
....................    set_timer0(217); 
010D:  MOVLW  D9
010E:  BCF    03.5
010F:  MOVWF  01
....................    enable_interrupts(INT_timer0); 
0110:  BSF    0B.5
....................    enable_interrupts(GLOBAL); 
0111:  MOVLW  C0
0112:  IORWF  0B,F
....................    while(true) 
....................    { 
....................       seven_segment(); 
0113:  GOTO   090
0114:  GOTO   113
....................    } 
.................... } 
....................  
0115:  SLEEP
....................  
....................  
....................  
....................  
....................  
....................  

Configuration Fuses:
   Word  1: 3F39   XT NOWDT NOPUT NOBROWNOUT NOLVP NOCPD NOWRT NODEBUG NOPROTECT
